pygame 2.6.1 (SDL 2.28.4, Python 3.10.21)
Hello from the pygame community. https://www.pygame.org/contribute.html
usage: train_i56.py [-h] --arm {I5,I6} --detail-manifest DETAIL_MANIFEST
                    --calibration CALIBRATION [--microbatch {4,8}] --run-id
                    RUN_ID [--limit LIMIT] [--resume RESUME]
                    [--transition TRANSITION] [--eval-interval EVAL_INTERVAL]
                    [--state-interval STATE_INTERVAL] [--smoke] [--overfit]

options:
  -h, --help            show this help message and exit
  --arm {I5,I6}
  --detail-manifest DETAIL_MANIFEST
  --calibration CALIBRATION
  --microbatch {4,8}
  --run-id RUN_ID
  --limit LIMIT         successful updates, hard maximum 10k
  --resume RESUME
  --transition TRANSITION
  --eval-interval EVAL_INTERVAL
  --state-interval STATE_INTERVAL
  --smoke
  --overfit
