[2026-09-14T03:28:06+00:00] [G0b_s1] load /root/projects/hrfont/runs/G0b-F0-V0913-BS256-A-S3407/global_step_10000
[2026-09-14T03:28:59+00:00] [G0b_s1] done=20 skipped=0/752 rate=0.47/s eta=26.1m last=FZBuGTJW a
[2026-09-14T03:29:35+00:00] [G0b_s1] done=40 skipped=0/752 rate=0.51/s eta=23.4m last=FZBuGTJW さ
[2026-09-14T03:30:12+00:00] [G0b_s1] done=60 skipped=0/752 rate=0.52/s eta=22.3m last=FZChuangHJW_DB M
[2026-09-14T03:30:49+00:00] [G0b_s1] done=80 skipped=0/752 rate=0.52/s eta=21.4m last=FZChuangHJW_DB à
[2026-09-14T03:31:27+00:00] [G0b_s1] done=100 skipped=0/752 rate=0.52/s eta=20.7m last=FZCuanBZBKSJW 5
[2026-09-14T03:32:03+00:00] [G0b_s1] done=120 skipped=0/752 rate=0.53/s eta=19.9m last=FZCuanBZBKSJW e
[2026-09-14T03:32:39+00:00] [G0b_s1] done=140 skipped=0/752 rate=0.53/s eta=19.2m last=FZCuanBZBKSJW ㄆ
[2026-09-14T03:33:15+00:00] [G0b_s1] done=160 skipped=0/752 rate=0.53/s eta=18.4m last=FZDeSHJW_515H O
[2026-09-14T03:33:50+00:00] [G0b_s1] done=180 skipped=0/752 rate=0.54/s eta=17.7m last=FZDeSHJW_515H か
[2026-09-14T03:34:26+00:00] [G0b_s1] done=200 skipped=0/752 rate=0.54/s eta=17.0m last=FZDouNTJW_Te G
[2026-09-14T03:35:01+00:00] [G0b_s1] done=220 skipped=0/752 rate=0.54/s eta=16.3m last=FZDouNTJW_Te u
[2026-09-14T03:35:36+00:00] [G0b_s1] done=240 skipped=0/752 rate=0.55/s eta=15.6m last=FZFeiHHJW-H 4
[2026-09-14T03:36:12+00:00] [G0b_s1] done=260 skipped=0/752 rate=0.55/s eta=15.0m last=FZFeiHHJW-H b
[2026-09-14T03:36:49+00:00] [G0b_s1] done=280 skipped=0/752 rate=0.55/s eta=14.4m last=FZFeiHHJW-H ㄅ
[2026-09-14T03:37:24+00:00] [G0b_s1] done=300 skipped=0/752 rate=0.55/s eta=13.8m last=FZFengYKSJ C
[2026-09-14T03:38:01+00:00] [G0b_s1] done=320 skipped=0/752 rate=0.55/s eta=13.2m last=FZFengYKSJ あ
[2026-09-14T03:38:36+00:00] [G0b_s1] done=340 skipped=0/752 rate=0.55/s eta=12.5m last=FZHanWZKJW A
[2026-09-14T03:39:12+00:00] [G0b_s1] done=360 skipped=0/752 rate=0.55/s eta=11.9m last=FZHanWZKJW n
[2026-09-14T03:39:48+00:00] [G0b_s1] done=380 skipped=0/752 rate=0.55/s eta=11.3m last=FZHuoYYJW-T 3
[2026-09-14T03:40:25+00:00] [G0b_s1] done=400 skipped=0/752 rate=0.55/s eta=10.7m last=FZHuoYYJW-T q
[2026-09-14T03:41:01+00:00] [G0b_s1] done=420 skipped=0/752 rate=0.55/s eta=10.1m last=FZHuoYYJW-T ン
[2026-09-14T03:41:36+00:00] [G0b_s1] done=440 skipped=0/752 rate=0.55/s eta=9.4m last=FZJianLTJW_Te B
[2026-09-14T03:42:12+00:00] [G0b_s1] done=460 skipped=0/752 rate=0.55/s eta=8.8m last=FZJianLTJW_Te ě
[2026-09-14T03:42:48+00:00] [G0b_s1] done=480 skipped=0/752 rate=0.55/s eta=8.2m last=FZJingLTJW-H 9
[2026-09-14T03:43:24+00:00] [G0b_s1] done=500 skipped=0/752 rate=0.55/s eta=7.6m last=FZJingLTJW-H l
[2026-09-14T03:44:00+00:00] [G0b_s1] done=520 skipped=0/752 rate=0.55/s eta=7.0m last=FZJingYLLTJW 2
[2026-09-14T03:44:35+00:00] [G0b_s1] done=540 skipped=0/752 rate=0.55/s eta=6.4m last=FZJingYLLTJW p
[2026-09-14T03:45:11+00:00] [G0b_s1] done=560 skipped=0/752 rate=0.55/s eta=5.8m last=FZJingYLLTJW カ
[2026-09-14T03:45:48+00:00] [G0b_s1] done=580 skipped=0/752 rate=0.55/s eta=5.2m last=FZLingFKSJW-B W
[2026-09-14T03:46:23+00:00] [G0b_s1] done=600 skipped=0/752 rate=0.55/s eta=4.6m last=FZLingFKSJW-B ā
[2026-09-14T03:46:59+00:00] [G0b_s1] done=620 skipped=0/752 rate=0.55/s eta=4.0m last=FZLiuGQKJW-L 8
[2026-09-14T03:47:35+00:00] [G0b_s1] done=640 skipped=0/752 rate=0.55/s eta=3.4m last=FZLiuGQKJW-L i
[2026-09-14T03:48:11+00:00] [G0b_s1] done=660 skipped=0/752 rate=0.55/s eta=2.8m last=FZMaWDBSJW 1
[2026-09-14T03:48:49+00:00] [G0b_s1] done=680 skipped=0/752 rate=0.55/s eta=2.2m last=FZMaWDBSJW d
[2026-09-14T03:49:24+00:00] [G0b_s1] done=700 skipped=0/752 rate=0.55/s eta=1.6m last=FZMaWDBSJW ア
[2026-09-14T03:50:01+00:00] [G0b_s1] done=720 skipped=0/752 rate=0.55/s eta=1.0m last=FZTJLSJW R
[2026-09-14T03:50:39+00:00] [G0b_s1] done=740 skipped=0/752 rate=0.55/s eta=0.4m last=FZTJLSJW ü
[2026-09-14T03:51:02+00:00] [G0b_s1] finished done=752 skipped=0 elapsed=1365.5s
