[2026-09-14T03:28:06+00:00] [G0c_s1] load /root/projects/hrfont/runs/G0c-F0-V0913-BS256-A-S3407/global_step_20000
[2026-09-14T03:29:01+00:00] [G0c_s1] done=20 skipped=0/752 rate=0.45/s eta=27.3m last=FZBuGTJW a
[2026-09-14T03:29:39+00:00] [G0c_s1] done=40 skipped=0/752 rate=0.48/s eta=24.6m last=FZBuGTJW さ
[2026-09-14T03:30:19+00:00] [G0c_s1] done=60 skipped=0/752 rate=0.49/s eta=23.6m last=FZChuangHJW_DB M
[2026-09-14T03:30:58+00:00] [G0c_s1] done=80 skipped=0/752 rate=0.50/s eta=22.6m last=FZChuangHJW_DB à
[2026-09-14T03:31:35+00:00] [G0c_s1] done=100 skipped=0/752 rate=0.50/s eta=21.7m last=FZCuanBZBKSJW 5
[2026-09-14T03:32:13+00:00] [G0c_s1] done=120 skipped=0/752 rate=0.51/s eta=20.8m last=FZCuanBZBKSJW e
[2026-09-14T03:32:52+00:00] [G0c_s1] done=140 skipped=0/752 rate=0.51/s eta=20.1m last=FZCuanBZBKSJW ㄆ
[2026-09-14T03:33:30+00:00] [G0c_s1] done=160 skipped=0/752 rate=0.51/s eta=19.3m last=FZDeSHJW_515H O
[2026-09-14T03:34:09+00:00] [G0c_s1] done=180 skipped=0/752 rate=0.51/s eta=18.7m last=FZDeSHJW_515H か
[2026-09-14T03:34:47+00:00] [G0c_s1] done=200 skipped=0/752 rate=0.51/s eta=18.0m last=FZDouNTJW_Te G
[2026-09-14T03:35:25+00:00] [G0c_s1] done=220 skipped=0/752 rate=0.51/s eta=17.3m last=FZDouNTJW_Te u
[2026-09-14T03:36:02+00:00] [G0c_s1] done=240 skipped=0/752 rate=0.51/s eta=16.6m last=FZFeiHHJW-H 4
[2026-09-14T03:36:39+00:00] [G0c_s1] done=260 skipped=0/752 rate=0.52/s eta=15.9m last=FZFeiHHJW-H b
[2026-09-14T03:37:18+00:00] [G0c_s1] done=280 skipped=0/752 rate=0.52/s eta=15.2m last=FZFeiHHJW-H ㄅ
[2026-09-14T03:37:55+00:00] [G0c_s1] done=300 skipped=0/752 rate=0.52/s eta=14.5m last=FZFengYKSJ C
[2026-09-14T03:38:32+00:00] [G0c_s1] done=320 skipped=0/752 rate=0.52/s eta=13.8m last=FZFengYKSJ あ
[2026-09-14T03:39:09+00:00] [G0c_s1] done=340 skipped=0/752 rate=0.52/s eta=13.2m last=FZHanWZKJW A
[2026-09-14T03:39:47+00:00] [G0c_s1] done=360 skipped=0/752 rate=0.52/s eta=12.5m last=FZHanWZKJW n
[2026-09-14T03:40:24+00:00] [G0c_s1] done=380 skipped=0/752 rate=0.52/s eta=11.9m last=FZHuoYYJW-T 3
[2026-09-14T03:41:02+00:00] [G0c_s1] done=400 skipped=0/752 rate=0.52/s eta=11.2m last=FZHuoYYJW-T q
[2026-09-14T03:41:40+00:00] [G0c_s1] done=420 skipped=0/752 rate=0.52/s eta=10.6m last=FZHuoYYJW-T ン
[2026-09-14T03:42:19+00:00] [G0c_s1] done=440 skipped=0/752 rate=0.52/s eta=10.0m last=FZJianLTJW_Te B
[2026-09-14T03:42:58+00:00] [G0c_s1] done=460 skipped=0/752 rate=0.52/s eta=9.3m last=FZJianLTJW_Te ě
[2026-09-14T03:43:36+00:00] [G0c_s1] done=480 skipped=0/752 rate=0.52/s eta=8.7m last=FZJingLTJW-H 9
[2026-09-14T03:44:13+00:00] [G0c_s1] done=500 skipped=0/752 rate=0.52/s eta=8.0m last=FZJingLTJW-H l
[2026-09-14T03:44:49+00:00] [G0c_s1] done=520 skipped=0/752 rate=0.52/s eta=7.4m last=FZJingYLLTJW 2
[2026-09-14T03:45:26+00:00] [G0c_s1] done=540 skipped=0/752 rate=0.52/s eta=6.7m last=FZJingYLLTJW p
[2026-09-14T03:46:03+00:00] [G0c_s1] done=560 skipped=0/752 rate=0.53/s eta=6.1m last=FZJingYLLTJW カ
[2026-09-14T03:46:39+00:00] [G0c_s1] done=580 skipped=0/752 rate=0.53/s eta=5.5m last=FZLingFKSJW-B W
[2026-09-14T03:47:17+00:00] [G0c_s1] done=600 skipped=0/752 rate=0.53/s eta=4.8m last=FZLingFKSJW-B ā
[2026-09-14T03:47:55+00:00] [G0c_s1] done=620 skipped=0/752 rate=0.53/s eta=4.2m last=FZLiuGQKJW-L 8
[2026-09-14T03:48:33+00:00] [G0c_s1] done=640 skipped=0/752 rate=0.53/s eta=3.5m last=FZLiuGQKJW-L i
[2026-09-14T03:49:10+00:00] [G0c_s1] done=660 skipped=0/752 rate=0.53/s eta=2.9m last=FZMaWDBSJW 1
[2026-09-14T03:49:47+00:00] [G0c_s1] done=680 skipped=0/752 rate=0.53/s eta=2.3m last=FZMaWDBSJW d
[2026-09-14T03:50:25+00:00] [G0c_s1] done=700 skipped=0/752 rate=0.53/s eta=1.6m last=FZMaWDBSJW ア
[2026-09-14T03:51:05+00:00] [G0c_s1] done=720 skipped=0/752 rate=0.53/s eta=1.0m last=FZTJLSJW R
[2026-09-14T03:51:48+00:00] [G0c_s1] done=740 skipped=0/752 rate=0.52/s eta=0.4m last=FZTJLSJW ü
[2026-09-14T03:52:13+00:00] [G0c_s1] finished done=752 skipped=0 elapsed=1436.7s
