[2026-09-14T03:28:13+00:00] [G1_s8] load Es/Ec + LibraryEs (F1: official RSI, no support) ckpt=global_step_10000
[2026-09-14T03:29:00+00:00] [G1_s8] done=20 skipped=0/752 rate=0.59/s eta=20.8m last=FZBuGTJW a
[2026-09-14T03:29:34+00:00] [G1_s8] done=40 skipped=0/752 rate=0.59/s eta=20.1m last=FZBuGTJW さ
[2026-09-14T03:30:08+00:00] [G1_s8] done=60 skipped=0/752 rate=0.59/s eta=19.5m last=FZChuangHJW_DB M
[2026-09-14T03:30:41+00:00] [G1_s8] done=80 skipped=0/752 rate=0.59/s eta=18.9m last=FZChuangHJW_DB à
[2026-09-14T03:31:15+00:00] [G1_s8] done=100 skipped=0/752 rate=0.59/s eta=18.4m last=FZCuanBZBKSJW 5
[2026-09-14T03:31:49+00:00] [G1_s8] done=120 skipped=0/752 rate=0.59/s eta=17.8m last=FZCuanBZBKSJW e
[2026-09-14T03:32:22+00:00] [G1_s8] done=140 skipped=0/752 rate=0.59/s eta=17.2m last=FZCuanBZBKSJW ㄆ
[2026-09-14T03:32:56+00:00] [G1_s8] done=160 skipped=0/752 rate=0.59/s eta=16.7m last=FZDeSHJW_515H O
[2026-09-14T03:33:29+00:00] [G1_s8] done=180 skipped=0/752 rate=0.59/s eta=16.0m last=FZDeSHJW_515H か
[2026-09-14T03:34:02+00:00] [G1_s8] done=200 skipped=0/752 rate=0.60/s eta=15.5m last=FZDouNTJW_Te G
[2026-09-14T03:34:36+00:00] [G1_s8] done=220 skipped=0/752 rate=0.59/s eta=14.9m last=FZDouNTJW_Te u
[2026-09-14T03:35:09+00:00] [G1_s8] done=240 skipped=0/752 rate=0.59/s eta=14.3m last=FZFeiHHJW-H 4
[2026-09-14T03:35:43+00:00] [G1_s8] done=260 skipped=0/752 rate=0.60/s eta=13.8m last=FZFeiHHJW-H b
[2026-09-14T03:36:16+00:00] [G1_s8] done=280 skipped=0/752 rate=0.60/s eta=13.2m last=FZFeiHHJW-H ㄅ
[2026-09-14T03:36:50+00:00] [G1_s8] done=300 skipped=0/752 rate=0.60/s eta=12.6m last=FZFengYKSJ C
[2026-09-14T03:37:23+00:00] [G1_s8] done=320 skipped=0/752 rate=0.60/s eta=12.1m last=FZFengYKSJ あ
[2026-09-14T03:37:56+00:00] [G1_s8] done=340 skipped=0/752 rate=0.60/s eta=11.5m last=FZHanWZKJW A
[2026-09-14T03:38:30+00:00] [G1_s8] done=360 skipped=0/752 rate=0.60/s eta=11.0m last=FZHanWZKJW n
[2026-09-14T03:39:04+00:00] [G1_s8] done=380 skipped=0/752 rate=0.60/s eta=10.4m last=FZHuoYYJW-T 3
[2026-09-14T03:39:38+00:00] [G1_s8] done=400 skipped=0/752 rate=0.60/s eta=9.9m last=FZHuoYYJW-T q
[2026-09-14T03:40:11+00:00] [G1_s8] done=420 skipped=0/752 rate=0.60/s eta=9.3m last=FZHuoYYJW-T ン
[2026-09-14T03:40:46+00:00] [G1_s8] done=440 skipped=0/752 rate=0.59/s eta=8.8m last=FZJianLTJW_Te B
[2026-09-14T03:41:20+00:00] [G1_s8] done=460 skipped=0/752 rate=0.59/s eta=8.2m last=FZJianLTJW_Te ě
[2026-09-14T03:41:54+00:00] [G1_s8] done=480 skipped=0/752 rate=0.59/s eta=7.6m last=FZJingLTJW-H 9
[2026-09-14T03:42:27+00:00] [G1_s8] done=500 skipped=0/752 rate=0.59/s eta=7.1m last=FZJingLTJW-H l
[2026-09-14T03:43:01+00:00] [G1_s8] done=520 skipped=0/752 rate=0.59/s eta=6.5m last=FZJingYLLTJW 2
[2026-09-14T03:43:36+00:00] [G1_s8] done=540 skipped=0/752 rate=0.59/s eta=6.0m last=FZJingYLLTJW p
[2026-09-14T03:44:10+00:00] [G1_s8] done=560 skipped=0/752 rate=0.59/s eta=5.4m last=FZJingYLLTJW カ
[2026-09-14T03:44:43+00:00] [G1_s8] done=580 skipped=0/752 rate=0.59/s eta=4.8m last=FZLingFKSJW-B W
[2026-09-14T03:45:18+00:00] [G1_s8] done=600 skipped=0/752 rate=0.59/s eta=4.3m last=FZLingFKSJW-B ā
[2026-09-14T03:45:53+00:00] [G1_s8] done=620 skipped=0/752 rate=0.59/s eta=3.7m last=FZLiuGQKJW-L 8
[2026-09-14T03:46:26+00:00] [G1_s8] done=640 skipped=0/752 rate=0.59/s eta=3.2m last=FZLiuGQKJW-L i
[2026-09-14T03:46:59+00:00] [G1_s8] done=660 skipped=0/752 rate=0.59/s eta=2.6m last=FZMaWDBSJW 1
[2026-09-14T03:47:32+00:00] [G1_s8] done=680 skipped=0/752 rate=0.59/s eta=2.0m last=FZMaWDBSJW d
[2026-09-14T03:48:06+00:00] [G1_s8] done=700 skipped=0/752 rate=0.59/s eta=1.5m last=FZMaWDBSJW ア
[2026-09-14T03:48:40+00:00] [G1_s8] done=720 skipped=0/752 rate=0.59/s eta=0.9m last=FZTJLSJW R
[2026-09-14T03:49:13+00:00] [G1_s8] done=740 skipped=0/752 rate=0.59/s eta=0.3m last=FZTJLSJW ü
[2026-09-14T03:49:33+00:00] [G1_s8] finished done=752 skipped=0 elapsed=1267.3s
