[2026-09-14T03:28:14+00:00] [G2_s1] load Es/Ec caches + LibraryEs (F2: delta, no support; style_pattn=False; style_rl128=False)
[2026-09-14T03:29:00+00:00] [G2_s1] done=20 skipped=0/752 rate=0.58/s eta=20.9m last=FZBuGTJW a
[2026-09-14T03:29:38+00:00] [G2_s1] done=40 skipped=0/752 rate=0.56/s eta=21.2m last=FZBuGTJW さ
[2026-09-14T03:30:13+00:00] [G2_s1] done=60 skipped=0/752 rate=0.56/s eta=20.6m last=FZChuangHJW_DB M
[2026-09-14T03:30:50+00:00] [G2_s1] done=80 skipped=0/752 rate=0.56/s eta=20.2m last=FZChuangHJW_DB à
[2026-09-14T03:31:24+00:00] [G2_s1] done=100 skipped=0/752 rate=0.56/s eta=19.3m last=FZCuanBZBKSJW 5
[2026-09-14T03:31:58+00:00] [G2_s1] done=120 skipped=0/752 rate=0.57/s eta=18.5m last=FZCuanBZBKSJW e
[2026-09-14T03:32:32+00:00] [G2_s1] done=140 skipped=0/752 rate=0.57/s eta=17.9m last=FZCuanBZBKSJW ㄆ
[2026-09-14T03:33:07+00:00] [G2_s1] done=160 skipped=0/752 rate=0.57/s eta=17.3m last=FZDeSHJW_515H O
[2026-09-14T03:33:39+00:00] [G2_s1] done=180 skipped=0/752 rate=0.58/s eta=16.5m last=FZDeSHJW_515H か
[2026-09-14T03:34:14+00:00] [G2_s1] done=200 skipped=0/752 rate=0.58/s eta=16.0m last=FZDouNTJW_Te G
[2026-09-14T03:34:47+00:00] [G2_s1] done=220 skipped=0/752 rate=0.58/s eta=15.4m last=FZDouNTJW_Te u
[2026-09-14T03:35:20+00:00] [G2_s1] done=240 skipped=0/752 rate=0.58/s eta=14.7m last=FZFeiHHJW-H 4
[2026-09-14T03:35:55+00:00] [G2_s1] done=260 skipped=0/752 rate=0.58/s eta=14.2m last=FZFeiHHJW-H b
[2026-09-14T03:36:29+00:00] [G2_s1] done=280 skipped=0/752 rate=0.58/s eta=13.6m last=FZFeiHHJW-H ㄅ
[2026-09-14T03:37:03+00:00] [G2_s1] done=300 skipped=0/752 rate=0.58/s eta=13.0m last=FZFengYKSJ C
[2026-09-14T03:37:39+00:00] [G2_s1] done=320 skipped=0/752 rate=0.58/s eta=12.4m last=FZFengYKSJ あ
[2026-09-14T03:38:14+00:00] [G2_s1] done=340 skipped=0/752 rate=0.58/s eta=11.9m last=FZHanWZKJW A
[2026-09-14T03:38:49+00:00] [G2_s1] done=360 skipped=0/752 rate=0.58/s eta=11.3m last=FZHanWZKJW n
[2026-09-14T03:39:25+00:00] [G2_s1] done=380 skipped=0/752 rate=0.58/s eta=10.7m last=FZHuoYYJW-T 3
[2026-09-14T03:39:59+00:00] [G2_s1] done=400 skipped=0/752 rate=0.58/s eta=10.2m last=FZHuoYYJW-T q
[2026-09-14T03:40:34+00:00] [G2_s1] done=420 skipped=0/752 rate=0.58/s eta=9.6m last=FZHuoYYJW-T ン
[2026-09-14T03:41:08+00:00] [G2_s1] done=440 skipped=0/752 rate=0.58/s eta=9.0m last=FZJianLTJW_Te B
[2026-09-14T03:41:40+00:00] [G2_s1] done=460 skipped=0/752 rate=0.58/s eta=8.4m last=FZJianLTJW_Te ě
[2026-09-14T03:42:15+00:00] [G2_s1] done=480 skipped=0/752 rate=0.58/s eta=7.8m last=FZJingLTJW-H 9
[2026-09-14T03:42:50+00:00] [G2_s1] done=500 skipped=0/752 rate=0.58/s eta=7.3m last=FZJingLTJW-H l
[2026-09-14T03:43:25+00:00] [G2_s1] done=520 skipped=0/752 rate=0.58/s eta=6.7m last=FZJingYLLTJW 2
[2026-09-14T03:44:01+00:00] [G2_s1] done=540 skipped=0/752 rate=0.58/s eta=6.1m last=FZJingYLLTJW p
[2026-09-14T03:44:35+00:00] [G2_s1] done=560 skipped=0/752 rate=0.58/s eta=5.5m last=FZJingYLLTJW カ
[2026-09-14T03:45:07+00:00] [G2_s1] done=580 skipped=0/752 rate=0.58/s eta=4.9m last=FZLingFKSJW-B W
[2026-09-14T03:45:41+00:00] [G2_s1] done=600 skipped=0/752 rate=0.58/s eta=4.4m last=FZLingFKSJW-B ā
[2026-09-14T03:46:14+00:00] [G2_s1] done=620 skipped=0/752 rate=0.58/s eta=3.8m last=FZLiuGQKJW-L 8
[2026-09-14T03:46:48+00:00] [G2_s1] done=640 skipped=0/752 rate=0.58/s eta=3.2m last=FZLiuGQKJW-L i
[2026-09-14T03:47:22+00:00] [G2_s1] done=660 skipped=0/752 rate=0.58/s eta=2.6m last=FZMaWDBSJW 1
[2026-09-14T03:47:55+00:00] [G2_s1] done=680 skipped=0/752 rate=0.58/s eta=2.1m last=FZMaWDBSJW d
[2026-09-14T03:48:30+00:00] [G2_s1] done=700 skipped=0/752 rate=0.58/s eta=1.5m last=FZMaWDBSJW ア
[2026-09-14T03:49:05+00:00] [G2_s1] done=720 skipped=0/752 rate=0.58/s eta=0.9m last=FZTJLSJW R
[2026-09-14T03:49:40+00:00] [G2_s1] done=740 skipped=0/752 rate=0.58/s eta=0.3m last=FZTJLSJW ü
[2026-09-14T03:50:01+00:00] [G2_s1] finished done=752 skipped=0 elapsed=1294.3s
