[2026-09-14T03:28:13+00:00] [G2_s8] load Es/Ec caches + LibraryEs (F2: delta, no support; style_pattn=False; style_rl128=False)
[2026-09-14T03:29:02+00:00] [G2_s8] done=20 skipped=0/752 rate=0.55/s eta=22.1m last=FZBuGTJW a
[2026-09-14T03:29:38+00:00] [G2_s8] done=40 skipped=0/752 rate=0.56/s eta=21.3m last=FZBuGTJW さ
[2026-09-14T03:30:15+00:00] [G2_s8] done=60 skipped=0/752 rate=0.55/s eta=20.9m last=FZChuangHJW_DB M
[2026-09-14T03:30:50+00:00] [G2_s8] done=80 skipped=0/752 rate=0.55/s eta=20.2m last=FZChuangHJW_DB à
[2026-09-14T03:31:25+00:00] [G2_s8] done=100 skipped=0/752 rate=0.56/s eta=19.4m last=FZCuanBZBKSJW 5
[2026-09-14T03:31:59+00:00] [G2_s8] done=120 skipped=0/752 rate=0.56/s eta=18.7m last=FZCuanBZBKSJW e
[2026-09-14T03:32:34+00:00] [G2_s8] done=140 skipped=0/752 rate=0.57/s eta=18.0m last=FZCuanBZBKSJW ㄆ
[2026-09-14T03:33:08+00:00] [G2_s8] done=160 skipped=0/752 rate=0.57/s eta=17.4m last=FZDeSHJW_515H O
[2026-09-14T03:33:42+00:00] [G2_s8] done=180 skipped=0/752 rate=0.57/s eta=16.7m last=FZDeSHJW_515H か
[2026-09-14T03:34:18+00:00] [G2_s8] done=200 skipped=0/752 rate=0.57/s eta=16.2m last=FZDouNTJW_Te G
[2026-09-14T03:34:53+00:00] [G2_s8] done=220 skipped=0/752 rate=0.57/s eta=15.6m last=FZDouNTJW_Te u
[2026-09-14T03:35:27+00:00] [G2_s8] done=240 skipped=0/752 rate=0.57/s eta=14.9m last=FZFeiHHJW-H 4
[2026-09-14T03:36:02+00:00] [G2_s8] done=260 skipped=0/752 rate=0.57/s eta=14.4m last=FZFeiHHJW-H b
[2026-09-14T03:36:36+00:00] [G2_s8] done=280 skipped=0/752 rate=0.57/s eta=13.7m last=FZFeiHHJW-H ㄅ
[2026-09-14T03:37:09+00:00] [G2_s8] done=300 skipped=0/752 rate=0.57/s eta=13.1m last=FZFengYKSJ C
[2026-09-14T03:37:44+00:00] [G2_s8] done=320 skipped=0/752 rate=0.57/s eta=12.6m last=FZFengYKSJ あ
[2026-09-14T03:38:19+00:00] [G2_s8] done=340 skipped=0/752 rate=0.57/s eta=12.0m last=FZHanWZKJW A
[2026-09-14T03:38:53+00:00] [G2_s8] done=360 skipped=0/752 rate=0.57/s eta=11.4m last=FZHanWZKJW n
[2026-09-14T03:39:27+00:00] [G2_s8] done=380 skipped=0/752 rate=0.57/s eta=10.8m last=FZHuoYYJW-T 3
[2026-09-14T03:40:01+00:00] [G2_s8] done=400 skipped=0/752 rate=0.58/s eta=10.2m last=FZHuoYYJW-T q
[2026-09-14T03:40:35+00:00] [G2_s8] done=420 skipped=0/752 rate=0.58/s eta=9.6m last=FZHuoYYJW-T ン
[2026-09-14T03:41:12+00:00] [G2_s8] done=440 skipped=0/752 rate=0.57/s eta=9.0m last=FZJianLTJW_Te B
[2026-09-14T03:41:46+00:00] [G2_s8] done=460 skipped=0/752 rate=0.58/s eta=8.5m last=FZJianLTJW_Te ě
[2026-09-14T03:42:24+00:00] [G2_s8] done=480 skipped=0/752 rate=0.57/s eta=7.9m last=FZJingLTJW-H 9
[2026-09-14T03:42:59+00:00] [G2_s8] done=500 skipped=0/752 rate=0.57/s eta=7.3m last=FZJingLTJW-H l
[2026-09-14T03:43:35+00:00] [G2_s8] done=520 skipped=0/752 rate=0.57/s eta=6.8m last=FZJingYLLTJW 2
[2026-09-14T03:44:09+00:00] [G2_s8] done=540 skipped=0/752 rate=0.57/s eta=6.2m last=FZJingYLLTJW p
[2026-09-14T03:44:45+00:00] [G2_s8] done=560 skipped=0/752 rate=0.57/s eta=5.6m last=FZJingYLLTJW カ
[2026-09-14T03:45:21+00:00] [G2_s8] done=580 skipped=0/752 rate=0.57/s eta=5.0m last=FZLingFKSJW-B W
[2026-09-14T03:45:57+00:00] [G2_s8] done=600 skipped=0/752 rate=0.57/s eta=4.4m last=FZLingFKSJW-B ā
[2026-09-14T03:46:31+00:00] [G2_s8] done=620 skipped=0/752 rate=0.57/s eta=3.8m last=FZLiuGQKJW-L 8
[2026-09-14T03:47:06+00:00] [G2_s8] done=640 skipped=0/752 rate=0.57/s eta=3.3m last=FZLiuGQKJW-L i
[2026-09-14T03:47:42+00:00] [G2_s8] done=660 skipped=0/752 rate=0.57/s eta=2.7m last=FZMaWDBSJW 1
[2026-09-14T03:48:17+00:00] [G2_s8] done=680 skipped=0/752 rate=0.57/s eta=2.1m last=FZMaWDBSJW d
[2026-09-14T03:48:54+00:00] [G2_s8] done=700 skipped=0/752 rate=0.57/s eta=1.5m last=FZMaWDBSJW ア
[2026-09-14T03:49:28+00:00] [G2_s8] done=720 skipped=0/752 rate=0.57/s eta=0.9m last=FZTJLSJW R
[2026-09-14T03:50:04+00:00] [G2_s8] done=740 skipped=0/752 rate=0.57/s eta=0.4m last=FZTJLSJW ü
[2026-09-14T03:50:26+00:00] [G2_s8] finished done=752 skipped=0 elapsed=1319.4s
