[2026-09-14T03:28:13+00:00] [G2RL_s1] load Es/Ec caches + LibraryEs (F2: delta, no support; style_pattn=False; style_rl128=True)
[2026-09-14T03:29:04+00:00] [G2RL_s1] done=20 skipped=0/752 rate=0.53/s eta=22.9m last=FZBuGTJW a
[2026-09-14T03:29:41+00:00] [G2RL_s1] done=40 skipped=0/752 rate=0.54/s eta=22.1m last=FZBuGTJW さ
[2026-09-14T03:30:17+00:00] [G2RL_s1] done=60 skipped=0/752 rate=0.54/s eta=21.2m last=FZChuangHJW_DB M
[2026-09-14T03:30:53+00:00] [G2RL_s1] done=80 skipped=0/752 rate=0.55/s eta=20.5m last=FZChuangHJW_DB à
[2026-09-14T03:31:30+00:00] [G2RL_s1] done=100 skipped=0/752 rate=0.55/s eta=19.9m last=FZCuanBZBKSJW 5
[2026-09-14T03:32:05+00:00] [G2RL_s1] done=120 skipped=0/752 rate=0.55/s eta=19.2m last=FZCuanBZBKSJW e
[2026-09-14T03:32:42+00:00] [G2RL_s1] done=140 skipped=0/752 rate=0.55/s eta=18.6m last=FZCuanBZBKSJW ㄆ
[2026-09-14T03:33:17+00:00] [G2RL_s1] done=160 skipped=0/752 rate=0.55/s eta=17.9m last=FZDeSHJW_515H O
[2026-09-14T03:33:52+00:00] [G2RL_s1] done=180 skipped=0/752 rate=0.55/s eta=17.3m last=FZDeSHJW_515H か
[2026-09-14T03:34:28+00:00] [G2RL_s1] done=200 skipped=0/752 rate=0.55/s eta=16.6m last=FZDouNTJW_Te G
[2026-09-14T03:35:03+00:00] [G2RL_s1] done=220 skipped=0/752 rate=0.55/s eta=16.0m last=FZDouNTJW_Te u
[2026-09-14T03:35:40+00:00] [G2RL_s1] done=240 skipped=0/752 rate=0.55/s eta=15.4m last=FZFeiHHJW-H 4
[2026-09-14T03:36:14+00:00] [G2RL_s1] done=260 skipped=0/752 rate=0.56/s eta=14.8m last=FZFeiHHJW-H b
[2026-09-14T03:36:50+00:00] [G2RL_s1] done=280 skipped=0/752 rate=0.56/s eta=14.2m last=FZFeiHHJW-H ㄅ
[2026-09-14T03:37:26+00:00] [G2RL_s1] done=300 skipped=0/752 rate=0.56/s eta=13.6m last=FZFengYKSJ C
[2026-09-14T03:38:01+00:00] [G2RL_s1] done=320 skipped=0/752 rate=0.56/s eta=12.9m last=FZFengYKSJ あ
[2026-09-14T03:38:37+00:00] [G2RL_s1] done=340 skipped=0/752 rate=0.56/s eta=12.3m last=FZHanWZKJW A
[2026-09-14T03:39:13+00:00] [G2RL_s1] done=360 skipped=0/752 rate=0.56/s eta=11.7m last=FZHanWZKJW n
[2026-09-14T03:39:48+00:00] [G2RL_s1] done=380 skipped=0/752 rate=0.56/s eta=11.1m last=FZHuoYYJW-T 3
[2026-09-14T03:40:24+00:00] [G2RL_s1] done=400 skipped=0/752 rate=0.56/s eta=10.5m last=FZHuoYYJW-T q
[2026-09-14T03:41:00+00:00] [G2RL_s1] done=420 skipped=0/752 rate=0.56/s eta=9.9m last=FZHuoYYJW-T ン
[2026-09-14T03:41:35+00:00] [G2RL_s1] done=440 skipped=0/752 rate=0.56/s eta=9.3m last=FZJianLTJW_Te B
[2026-09-14T03:42:10+00:00] [G2RL_s1] done=460 skipped=0/752 rate=0.56/s eta=8.7m last=FZJianLTJW_Te ě
[2026-09-14T03:42:45+00:00] [G2RL_s1] done=480 skipped=0/752 rate=0.56/s eta=8.1m last=FZJingLTJW-H 9
[2026-09-14T03:43:21+00:00] [G2RL_s1] done=500 skipped=0/752 rate=0.56/s eta=7.5m last=FZJingLTJW-H l
[2026-09-14T03:43:56+00:00] [G2RL_s1] done=520 skipped=0/752 rate=0.56/s eta=6.9m last=FZJingYLLTJW 2
[2026-09-14T03:44:31+00:00] [G2RL_s1] done=540 skipped=0/752 rate=0.56/s eta=6.3m last=FZJingYLLTJW p
[2026-09-14T03:45:06+00:00] [G2RL_s1] done=560 skipped=0/752 rate=0.56/s eta=5.7m last=FZJingYLLTJW カ
[2026-09-14T03:45:42+00:00] [G2RL_s1] done=580 skipped=0/752 rate=0.56/s eta=5.1m last=FZLingFKSJW-B W
[2026-09-14T03:46:16+00:00] [G2RL_s1] done=600 skipped=0/752 rate=0.56/s eta=4.5m last=FZLingFKSJW-B ā
[2026-09-14T03:46:52+00:00] [G2RL_s1] done=620 skipped=0/752 rate=0.56/s eta=3.9m last=FZLiuGQKJW-L 8
[2026-09-14T03:47:28+00:00] [G2RL_s1] done=640 skipped=0/752 rate=0.56/s eta=3.3m last=FZLiuGQKJW-L i
[2026-09-14T03:48:03+00:00] [G2RL_s1] done=660 skipped=0/752 rate=0.56/s eta=2.7m last=FZMaWDBSJW 1
[2026-09-14T03:48:42+00:00] [G2RL_s1] done=680 skipped=0/752 rate=0.56/s eta=2.1m last=FZMaWDBSJW d
[2026-09-14T03:49:18+00:00] [G2RL_s1] done=700 skipped=0/752 rate=0.56/s eta=1.5m last=FZMaWDBSJW ア
[2026-09-14T03:49:53+00:00] [G2RL_s1] done=720 skipped=0/752 rate=0.56/s eta=1.0m last=FZTJLSJW R
[2026-09-14T03:50:31+00:00] [G2RL_s1] done=740 skipped=0/752 rate=0.56/s eta=0.4m last=FZTJLSJW ü
[2026-09-14T03:50:52+00:00] [G2RL_s1] finished done=752 skipped=0 elapsed=1346.1s
