[2026-09-14T03:28:13+00:00] [G2RL_s8] load Es/Ec caches + LibraryEs (F2: delta, no support; style_pattn=False; style_rl128=True)
[2026-09-14T03:29:04+00:00] [G2RL_s8] done=20 skipped=0/752 rate=0.54/s eta=22.8m last=FZBuGTJW a
[2026-09-14T03:29:41+00:00] [G2RL_s8] done=40 skipped=0/752 rate=0.54/s eta=22.0m last=FZBuGTJW さ
[2026-09-14T03:30:18+00:00] [G2RL_s8] done=60 skipped=0/752 rate=0.54/s eta=21.4m last=FZChuangHJW_DB M
[2026-09-14T03:30:56+00:00] [G2RL_s8] done=80 skipped=0/752 rate=0.54/s eta=20.9m last=FZChuangHJW_DB à
[2026-09-14T03:31:33+00:00] [G2RL_s8] done=100 skipped=0/752 rate=0.54/s eta=20.3m last=FZCuanBZBKSJW 5
[2026-09-14T03:32:09+00:00] [G2RL_s8] done=120 skipped=0/752 rate=0.54/s eta=19.6m last=FZCuanBZBKSJW e
[2026-09-14T03:32:46+00:00] [G2RL_s8] done=140 skipped=0/752 rate=0.54/s eta=18.9m last=FZCuanBZBKSJW ㄆ
[2026-09-14T03:33:23+00:00] [G2RL_s8] done=160 skipped=0/752 rate=0.54/s eta=18.3m last=FZDeSHJW_515H O
[2026-09-14T03:34:00+00:00] [G2RL_s8] done=180 skipped=0/752 rate=0.54/s eta=17.7m last=FZDeSHJW_515H か
[2026-09-14T03:34:38+00:00] [G2RL_s8] done=200 skipped=0/752 rate=0.54/s eta=17.1m last=FZDouNTJW_Te G
[2026-09-14T03:35:16+00:00] [G2RL_s8] done=220 skipped=0/752 rate=0.54/s eta=16.5m last=FZDouNTJW_Te u
[2026-09-14T03:35:52+00:00] [G2RL_s8] done=240 skipped=0/752 rate=0.54/s eta=15.8m last=FZFeiHHJW-H 4
[2026-09-14T03:36:29+00:00] [G2RL_s8] done=260 skipped=0/752 rate=0.54/s eta=15.2m last=FZFeiHHJW-H b
[2026-09-14T03:37:07+00:00] [G2RL_s8] done=280 skipped=0/752 rate=0.54/s eta=14.6m last=FZFeiHHJW-H ㄅ
[2026-09-14T03:37:45+00:00] [G2RL_s8] done=300 skipped=0/752 rate=0.54/s eta=14.0m last=FZFengYKSJ C
[2026-09-14T03:38:21+00:00] [G2RL_s8] done=320 skipped=0/752 rate=0.54/s eta=13.4m last=FZFengYKSJ あ
[2026-09-14T03:38:58+00:00] [G2RL_s8] done=340 skipped=0/752 rate=0.54/s eta=12.7m last=FZHanWZKJW A
[2026-09-14T03:39:35+00:00] [G2RL_s8] done=360 skipped=0/752 rate=0.54/s eta=12.1m last=FZHanWZKJW n
[2026-09-14T03:40:12+00:00] [G2RL_s8] done=380 skipped=0/752 rate=0.54/s eta=11.5m last=FZHuoYYJW-T 3
[2026-09-14T03:40:51+00:00] [G2RL_s8] done=400 skipped=0/752 rate=0.54/s eta=10.9m last=FZHuoYYJW-T q
[2026-09-14T03:41:27+00:00] [G2RL_s8] done=420 skipped=0/752 rate=0.54/s eta=10.3m last=FZHuoYYJW-T ン
[2026-09-14T03:42:05+00:00] [G2RL_s8] done=440 skipped=0/752 rate=0.54/s eta=9.7m last=FZJianLTJW_Te B
[2026-09-14T03:42:42+00:00] [G2RL_s8] done=460 skipped=0/752 rate=0.54/s eta=9.0m last=FZJianLTJW_Te ě
[2026-09-14T03:43:20+00:00] [G2RL_s8] done=480 skipped=0/752 rate=0.54/s eta=8.4m last=FZJingLTJW-H 9
[2026-09-14T03:43:58+00:00] [G2RL_s8] done=500 skipped=0/752 rate=0.54/s eta=7.8m last=FZJingLTJW-H l
[2026-09-14T03:44:34+00:00] [G2RL_s8] done=520 skipped=0/752 rate=0.54/s eta=7.2m last=FZJingYLLTJW 2
[2026-09-14T03:45:11+00:00] [G2RL_s8] done=540 skipped=0/752 rate=0.54/s eta=6.6m last=FZJingYLLTJW p
[2026-09-14T03:45:49+00:00] [G2RL_s8] done=560 skipped=0/752 rate=0.54/s eta=6.0m last=FZJingYLLTJW カ
[2026-09-14T03:46:26+00:00] [G2RL_s8] done=580 skipped=0/752 rate=0.54/s eta=5.3m last=FZLingFKSJW-B W
[2026-09-14T03:47:02+00:00] [G2RL_s8] done=600 skipped=0/752 rate=0.54/s eta=4.7m last=FZLingFKSJW-B ā
[2026-09-14T03:47:39+00:00] [G2RL_s8] done=620 skipped=0/752 rate=0.54/s eta=4.1m last=FZLiuGQKJW-L 8
[2026-09-14T03:48:16+00:00] [G2RL_s8] done=640 skipped=0/752 rate=0.54/s eta=3.5m last=FZLiuGQKJW-L i
[2026-09-14T03:48:55+00:00] [G2RL_s8] done=660 skipped=0/752 rate=0.54/s eta=2.9m last=FZMaWDBSJW 1
[2026-09-14T03:49:32+00:00] [G2RL_s8] done=680 skipped=0/752 rate=0.54/s eta=2.2m last=FZMaWDBSJW d
[2026-09-14T03:50:10+00:00] [G2RL_s8] done=700 skipped=0/752 rate=0.54/s eta=1.6m last=FZMaWDBSJW ア
[2026-09-14T03:50:49+00:00] [G2RL_s8] done=720 skipped=0/752 rate=0.54/s eta=1.0m last=FZTJLSJW R
[2026-09-14T03:51:28+00:00] [G2RL_s8] done=740 skipped=0/752 rate=0.54/s eta=0.4m last=FZTJLSJW ü
[2026-09-14T03:51:52+00:00] [G2RL_s8] finished done=752 skipped=0 elapsed=1405.7s
