[2026-09-14T03:52:34+00:00] [pilot_s1] load Es/Ec caches + LibraryEs (F2: delta, no support; style_pattn=False; style_rl128=True)
[2026-09-14T03:53:21+00:00] [pilot_s1] done=20 skipped=0/752 rate=0.50/s eta=24.6m last=FZBuGTJW a
[2026-09-14T03:53:58+00:00] [pilot_s1] done=40 skipped=0/752 rate=0.52/s eta=22.9m last=FZBuGTJW さ
[2026-09-14T03:54:34+00:00] [pilot_s1] done=60 skipped=0/752 rate=0.53/s eta=21.8m last=FZChuangHJW_DB M
[2026-09-14T03:55:12+00:00] [pilot_s1] done=80 skipped=0/752 rate=0.53/s eta=21.2m last=FZChuangHJW_DB à
[2026-09-14T03:55:49+00:00] [pilot_s1] done=100 skipped=0/752 rate=0.53/s eta=20.5m last=FZCuanBZBKSJW 5
[2026-09-14T03:56:27+00:00] [pilot_s1] done=120 skipped=0/752 rate=0.53/s eta=19.9m last=FZCuanBZBKSJW e
[2026-09-14T03:57:04+00:00] [pilot_s1] done=140 skipped=0/752 rate=0.53/s eta=19.2m last=FZCuanBZBKSJW ㄆ
[2026-09-14T03:57:45+00:00] [pilot_s1] done=160 skipped=0/752 rate=0.53/s eta=18.8m last=FZDeSHJW_515H O
[2026-09-14T03:58:22+00:00] [pilot_s1] done=180 skipped=0/752 rate=0.53/s eta=18.1m last=FZDeSHJW_515H か
[2026-09-14T03:58:59+00:00] [pilot_s1] done=200 skipped=0/752 rate=0.53/s eta=17.4m last=FZDouNTJW_Te G
[2026-09-14T03:59:37+00:00] [pilot_s1] done=220 skipped=0/752 rate=0.53/s eta=16.8m last=FZDouNTJW_Te u
[2026-09-14T04:00:15+00:00] [pilot_s1] done=240 skipped=0/752 rate=0.53/s eta=16.2m last=FZFeiHHJW-H 4
[2026-09-14T04:00:56+00:00] [pilot_s1] done=260 skipped=0/752 rate=0.52/s eta=15.6m last=FZFeiHHJW-H b
[2026-09-14T04:01:34+00:00] [pilot_s1] done=280 skipped=0/752 rate=0.52/s eta=15.0m last=FZFeiHHJW-H ㄅ
[2026-09-14T04:02:12+00:00] [pilot_s1] done=300 skipped=0/752 rate=0.52/s eta=14.4m last=FZFengYKSJ C
[2026-09-14T04:02:51+00:00] [pilot_s1] done=320 skipped=0/752 rate=0.52/s eta=13.7m last=FZFengYKSJ あ
[2026-09-14T04:03:28+00:00] [pilot_s1] done=340 skipped=0/752 rate=0.52/s eta=13.1m last=FZHanWZKJW A
[2026-09-14T04:04:06+00:00] [pilot_s1] done=360 skipped=0/752 rate=0.53/s eta=12.4m last=FZHanWZKJW n
[2026-09-14T04:04:43+00:00] [pilot_s1] done=380 skipped=0/752 rate=0.53/s eta=11.8m last=FZHuoYYJW-T 3
[2026-09-14T04:05:21+00:00] [pilot_s1] done=400 skipped=0/752 rate=0.53/s eta=11.2m last=FZHuoYYJW-T q
[2026-09-14T04:05:59+00:00] [pilot_s1] done=420 skipped=0/752 rate=0.53/s eta=10.5m last=FZHuoYYJW-T ン
[2026-09-14T04:06:37+00:00] [pilot_s1] done=440 skipped=0/752 rate=0.53/s eta=9.9m last=FZJianLTJW_Te B
[2026-09-14T04:07:20+00:00] [pilot_s1] done=460 skipped=0/752 rate=0.52/s eta=9.3m last=FZJianLTJW_Te ě
[2026-09-14T04:07:58+00:00] [pilot_s1] done=480 skipped=0/752 rate=0.52/s eta=8.7m last=FZJingLTJW-H 9
[2026-09-14T04:08:35+00:00] [pilot_s1] done=500 skipped=0/752 rate=0.52/s eta=8.0m last=FZJingLTJW-H l
[2026-09-14T04:09:13+00:00] [pilot_s1] done=520 skipped=0/752 rate=0.52/s eta=7.4m last=FZJingYLLTJW 2
[2026-09-14T04:09:51+00:00] [pilot_s1] done=540 skipped=0/752 rate=0.52/s eta=6.7m last=FZJingYLLTJW p
[2026-09-14T04:10:29+00:00] [pilot_s1] done=560 skipped=0/752 rate=0.52/s eta=6.1m last=FZJingYLLTJW カ
[2026-09-14T04:11:07+00:00] [pilot_s1] done=580 skipped=0/752 rate=0.52/s eta=5.5m last=FZLingFKSJW-B W
[2026-09-14T04:11:45+00:00] [pilot_s1] done=600 skipped=0/752 rate=0.52/s eta=4.8m last=FZLingFKSJW-B ā
[2026-09-14T04:12:21+00:00] [pilot_s1] done=620 skipped=0/752 rate=0.53/s eta=4.2m last=FZLiuGQKJW-L 8
[2026-09-14T04:12:59+00:00] [pilot_s1] done=640 skipped=0/752 rate=0.53/s eta=3.6m last=FZLiuGQKJW-L i
[2026-09-14T04:13:37+00:00] [pilot_s1] done=660 skipped=0/752 rate=0.53/s eta=2.9m last=FZMaWDBSJW 1
[2026-09-14T04:14:13+00:00] [pilot_s1] done=680 skipped=0/752 rate=0.53/s eta=2.3m last=FZMaWDBSJW d
[2026-09-14T04:14:49+00:00] [pilot_s1] done=700 skipped=0/752 rate=0.53/s eta=1.6m last=FZMaWDBSJW ア
[2026-09-14T04:15:25+00:00] [pilot_s1] done=720 skipped=0/752 rate=0.53/s eta=1.0m last=FZTJLSJW R
[2026-09-14T04:16:02+00:00] [pilot_s1] done=740 skipped=0/752 rate=0.53/s eta=0.4m last=FZTJLSJW ü
[2026-09-14T04:16:25+00:00] [pilot_s1] finished done=752 skipped=0 elapsed=1424.4s
