[2026-09-14T03:52:35+00:00] [pilot_s8] load Es/Ec caches + LibraryEs (F2: delta, no support; style_pattn=False; style_rl128=True)
[2026-09-14T03:53:21+00:00] [pilot_s8] done=20 skipped=0/752 rate=0.49/s eta=25.1m last=FZBuGTJW a
[2026-09-14T03:54:00+00:00] [pilot_s8] done=40 skipped=0/752 rate=0.50/s eta=23.6m last=FZBuGTJW さ
[2026-09-14T03:54:39+00:00] [pilot_s8] done=60 skipped=0/752 rate=0.51/s eta=22.8m last=FZChuangHJW_DB M
[2026-09-14T03:55:19+00:00] [pilot_s8] done=80 skipped=0/752 rate=0.51/s eta=22.1m last=FZChuangHJW_DB à
[2026-09-14T03:55:56+00:00] [pilot_s8] done=100 skipped=0/752 rate=0.51/s eta=21.3m last=FZCuanBZBKSJW 5
[2026-09-14T03:56:33+00:00] [pilot_s8] done=120 skipped=0/752 rate=0.51/s eta=20.5m last=FZCuanBZBKSJW e
[2026-09-14T03:57:12+00:00] [pilot_s8] done=140 skipped=0/752 rate=0.52/s eta=19.8m last=FZCuanBZBKSJW ㄆ
[2026-09-14T03:57:49+00:00] [pilot_s8] done=160 skipped=0/752 rate=0.52/s eta=19.0m last=FZDeSHJW_515H O
[2026-09-14T03:58:26+00:00] [pilot_s8] done=180 skipped=0/752 rate=0.52/s eta=18.3m last=FZDeSHJW_515H か
[2026-09-14T03:59:03+00:00] [pilot_s8] done=200 skipped=0/752 rate=0.52/s eta=17.6m last=FZDouNTJW_Te G
[2026-09-14T03:59:40+00:00] [pilot_s8] done=220 skipped=0/752 rate=0.52/s eta=16.9m last=FZDouNTJW_Te u
[2026-09-14T04:00:16+00:00] [pilot_s8] done=240 skipped=0/752 rate=0.53/s eta=16.2m last=FZFeiHHJW-H 4
[2026-09-14T04:00:54+00:00] [pilot_s8] done=260 skipped=0/752 rate=0.53/s eta=15.6m last=FZFeiHHJW-H b
[2026-09-14T04:01:31+00:00] [pilot_s8] done=280 skipped=0/752 rate=0.53/s eta=14.9m last=FZFeiHHJW-H ㄅ
[2026-09-14T04:02:07+00:00] [pilot_s8] done=300 skipped=0/752 rate=0.53/s eta=14.2m last=FZFengYKSJ C
[2026-09-14T04:02:43+00:00] [pilot_s8] done=320 skipped=0/752 rate=0.53/s eta=13.6m last=FZFengYKSJ あ
[2026-09-14T04:03:21+00:00] [pilot_s8] done=340 skipped=0/752 rate=0.53/s eta=12.9m last=FZHanWZKJW A
[2026-09-14T04:03:56+00:00] [pilot_s8] done=360 skipped=0/752 rate=0.53/s eta=12.3m last=FZHanWZKJW n
[2026-09-14T04:04:31+00:00] [pilot_s8] done=380 skipped=0/752 rate=0.54/s eta=11.6m last=FZHuoYYJW-T 3
[2026-09-14T04:05:07+00:00] [pilot_s8] done=400 skipped=0/752 rate=0.54/s eta=10.9m last=FZHuoYYJW-T q
[2026-09-14T04:05:43+00:00] [pilot_s8] done=420 skipped=0/752 rate=0.54/s eta=10.3m last=FZHuoYYJW-T ン
[2026-09-14T04:06:19+00:00] [pilot_s8] done=440 skipped=0/752 rate=0.54/s eta=9.7m last=FZJianLTJW_Te B
[2026-09-14T04:06:55+00:00] [pilot_s8] done=460 skipped=0/752 rate=0.54/s eta=9.0m last=FZJianLTJW_Te ě
[2026-09-14T04:07:31+00:00] [pilot_s8] done=480 skipped=0/752 rate=0.54/s eta=8.4m last=FZJingLTJW-H 9
[2026-09-14T04:08:08+00:00] [pilot_s8] done=500 skipped=0/752 rate=0.54/s eta=7.8m last=FZJingLTJW-H l
[2026-09-14T04:08:44+00:00] [pilot_s8] done=520 skipped=0/752 rate=0.54/s eta=7.2m last=FZJingYLLTJW 2
[2026-09-14T04:09:20+00:00] [pilot_s8] done=540 skipped=0/752 rate=0.54/s eta=6.5m last=FZJingYLLTJW p
[2026-09-14T04:09:57+00:00] [pilot_s8] done=560 skipped=0/752 rate=0.54/s eta=5.9m last=FZJingYLLTJW カ
[2026-09-14T04:10:32+00:00] [pilot_s8] done=580 skipped=0/752 rate=0.54/s eta=5.3m last=FZLingFKSJW-B W
[2026-09-14T04:11:09+00:00] [pilot_s8] done=600 skipped=0/752 rate=0.54/s eta=4.7m last=FZLingFKSJW-B ā
[2026-09-14T04:11:44+00:00] [pilot_s8] done=620 skipped=0/752 rate=0.54/s eta=4.1m last=FZLiuGQKJW-L 8
[2026-09-14T04:12:19+00:00] [pilot_s8] done=640 skipped=0/752 rate=0.54/s eta=3.4m last=FZLiuGQKJW-L i
[2026-09-14T04:12:55+00:00] [pilot_s8] done=660 skipped=0/752 rate=0.54/s eta=2.8m last=FZMaWDBSJW 1
[2026-09-14T04:13:32+00:00] [pilot_s8] done=680 skipped=0/752 rate=0.54/s eta=2.2m last=FZMaWDBSJW d
[2026-09-14T04:14:07+00:00] [pilot_s8] done=700 skipped=0/752 rate=0.54/s eta=1.6m last=FZMaWDBSJW ア
[2026-09-14T04:14:44+00:00] [pilot_s8] done=720 skipped=0/752 rate=0.54/s eta=1.0m last=FZTJLSJW R
[2026-09-14T04:15:19+00:00] [pilot_s8] done=740 skipped=0/752 rate=0.54/s eta=0.4m last=FZTJLSJW ü
[2026-09-14T04:15:39+00:00] [pilot_s8] finished done=752 skipped=0 elapsed=1378.9s
